Ошибка! Выражение в строке 5 содержит недопустимые символы